
         /\      Grafana   /‾‾/
    /\  /  \     |\  __   /  /
   /  \/    \    | |/ /  /   ‾‾\
  /          \   |   (  |  (‾)  |
 / __________ \  |_|\_\  \_____/


     execution: local
        script: tests/worker-load.k6.js
        output: -

     scenarios: (100.00%) 1 scenario, 1 max VUs, 1h30m30s max duration (incl. graceful stop):
              * files: 1 iterations for each of 1 VUs (maxDuration: 1h30m0s, gracefulStop: 30s)


running (0h00m01.0s), 1/1 VUs, 0 complete and 0 interrupted iterations
files   [   0% ] 1 VUs  0h00m01.0s/1h30m0s  0/1 iters, 1 per VU

running (0h00m02.0s), 1/1 VUs, 0 complete and 0 interrupted iterations
files   [   0% ] 1 VUs  0h00m02.0s/1h30m0s  0/1 iters, 1 per VU

running (0h00m03.0s), 1/1 VUs, 0 complete and 0 interrupted iterations
files   [   0% ] 1 VUs  0h00m03.0s/1h30m0s  0/1 iters, 1 per VU

running (0h00m04.0s), 1/1 VUs, 0 complete and 0 interrupted iterations
files   [   0% ] 1 VUs  0h00m04.0s/1h30m0s  0/1 iters, 1 per VU

running (0h00m05.0s), 1/1 VUs, 0 complete and 0 interrupted iterations
files   [   0% ] 1 VUs  0h00m05.0s/1h30m0s  0/1 iters, 1 per VU

running (0h00m06.0s), 1/1 VUs, 0 complete and 0 interrupted iterations
files   [   0% ] 1 VUs  0h00m06.0s/1h30m0s  0/1 iters, 1 per VU

running (0h00m07.0s), 1/1 VUs, 0 complete and 0 interrupted iterations
files   [   0% ] 1 VUs  0h00m07.0s/1h30m0s  0/1 iters, 1 per VU

running (0h00m08.0s), 1/1 VUs, 0 complete and 0 interrupted iterations
files   [   0% ] 1 VUs  0h00m08.0s/1h30m0s  0/1 iters, 1 per VU

running (0h00m09.0s), 1/1 VUs, 0 complete and 0 interrupted iterations
files   [   0% ] 1 VUs  0h00m09.0s/1h30m0s  0/1 iters, 1 per VU

running (0h00m10.0s), 1/1 VUs, 0 complete and 0 interrupted iterations
files   [   0% ] 1 VUs  0h00m10.0s/1h30m0s  0/1 iters, 1 per VU

running (0h00m11.0s), 1/1 VUs, 0 complete and 0 interrupted iterations
files   [   0% ] 1 VUs  0h00m11.0s/1h30m0s  0/1 iters, 1 per VU

running (0h00m12.0s), 1/1 VUs, 0 complete and 0 interrupted iterations
files   [   0% ] 1 VUs  0h00m12.0s/1h30m0s  0/1 iters, 1 per VU

running (0h00m13.0s), 1/1 VUs, 0 complete and 0 interrupted iterations
files   [   0% ] 1 VUs  0h00m13.0s/1h30m0s  0/1 iters, 1 per VU

running (0h00m14.0s), 1/1 VUs, 0 complete and 0 interrupted iterations
files   [   0% ] 1 VUs  0h00m14.0s/1h30m0s  0/1 iters, 1 per VU

running (0h00m15.0s), 1/1 VUs, 0 complete and 0 interrupted iterations
files   [   0% ] 1 VUs  0h00m15.0s/1h30m0s  0/1 iters, 1 per VU

running (0h00m16.0s), 1/1 VUs, 0 complete and 0 interrupted iterations
files   [   0% ] 1 VUs  0h00m16.0s/1h30m0s  0/1 iters, 1 per VU

running (0h00m17.0s), 1/1 VUs, 0 complete and 0 interrupted iterations
files   [   0% ] 1 VUs  0h00m17.0s/1h30m0s  0/1 iters, 1 per VU

running (0h00m18.0s), 1/1 VUs, 0 complete and 0 interrupted iterations
files   [   0% ] 1 VUs  0h00m18.0s/1h30m0s  0/1 iters, 1 per VU

running (0h00m19.0s), 1/1 VUs, 0 complete and 0 interrupted iterations
files   [   0% ] 1 VUs  0h00m19.0s/1h30m0s  0/1 iters, 1 per VU

running (0h00m20.0s), 1/1 VUs, 0 complete and 0 interrupted iterations
files   [   0% ] 1 VUs  0h00m20.0s/1h30m0s  0/1 iters, 1 per VU

running (0h00m21.0s), 1/1 VUs, 0 complete and 0 interrupted iterations
files   [   0% ] 1 VUs  0h00m21.0s/1h30m0s  0/1 iters, 1 per VU

running (0h00m22.0s), 1/1 VUs, 0 complete and 0 interrupted iterations
files   [   0% ] 1 VUs  0h00m22.0s/1h30m0s  0/1 iters, 1 per VU

running (0h00m23.0s), 1/1 VUs, 0 complete and 0 interrupted iterations
files   [   0% ] 1 VUs  0h00m23.0s/1h30m0s  0/1 iters, 1 per VU

running (0h00m24.0s), 1/1 VUs, 0 complete and 0 interrupted iterations
files   [   0% ] 1 VUs  0h00m24.0s/1h30m0s  0/1 iters, 1 per VU

running (0h00m25.0s), 1/1 VUs, 0 complete and 0 interrupted iterations
files   [   0% ] 1 VUs  0h00m25.0s/1h30m0s  0/1 iters, 1 per VU

running (0h00m26.0s), 1/1 VUs, 0 complete and 0 interrupted iterations
files   [   0% ] 1 VUs  0h00m26.0s/1h30m0s  0/1 iters, 1 per VU

running (0h00m27.0s), 1/1 VUs, 0 complete and 0 interrupted iterations
files   [   0% ] 1 VUs  0h00m27.0s/1h30m0s  0/1 iters, 1 per VU

running (0h00m28.0s), 1/1 VUs, 0 complete and 0 interrupted iterations
files   [   0% ] 1 VUs  0h00m28.0s/1h30m0s  0/1 iters, 1 per VU

running (0h00m29.0s), 1/1 VUs, 0 complete and 0 interrupted iterations
files   [   0% ] 1 VUs  0h00m29.0s/1h30m0s  0/1 iters, 1 per VU

running (0h00m30.0s), 1/1 VUs, 0 complete and 0 interrupted iterations
files   [   0% ] 1 VUs  0h00m30.0s/1h30m0s  0/1 iters, 1 per VU

running (0h00m31.0s), 1/1 VUs, 0 complete and 0 interrupted iterations
files   [   0% ] 1 VUs  0h00m31.0s/1h30m0s  0/1 iters, 1 per VU

running (0h00m32.0s), 1/1 VUs, 0 complete and 0 interrupted iterations
files   [   0% ] 1 VUs  0h00m32.0s/1h30m0s  0/1 iters, 1 per VU

running (0h00m33.0s), 1/1 VUs, 0 complete and 0 interrupted iterations
files   [   0% ] 1 VUs  0h00m33.0s/1h30m0s  0/1 iters, 1 per VU

running (0h00m34.0s), 1/1 VUs, 0 complete and 0 interrupted iterations
files   [   0% ] 1 VUs  0h00m34.0s/1h30m0s  0/1 iters, 1 per VU

running (0h00m35.0s), 1/1 VUs, 0 complete and 0 interrupted iterations
files   [   0% ] 1 VUs  0h00m35.0s/1h30m0s  0/1 iters, 1 per VU

running (0h00m36.0s), 1/1 VUs, 0 complete and 0 interrupted iterations
files   [   0% ] 1 VUs  0h00m36.0s/1h30m0s  0/1 iters, 1 per VU

running (0h00m37.0s), 1/1 VUs, 0 complete and 0 interrupted iterations
files   [   0% ] 1 VUs  0h00m37.0s/1h30m0s  0/1 iters, 1 per VU

running (0h00m38.0s), 1/1 VUs, 0 complete and 0 interrupted iterations
files   [   0% ] 1 VUs  0h00m38.0s/1h30m0s  0/1 iters, 1 per VU

running (0h00m39.0s), 1/1 VUs, 0 complete and 0 interrupted iterations
files   [   0% ] 1 VUs  0h00m39.0s/1h30m0s  0/1 iters, 1 per VU

running (0h00m40.0s), 1/1 VUs, 0 complete and 0 interrupted iterations
files   [   0% ] 1 VUs  0h00m40.0s/1h30m0s  0/1 iters, 1 per VU

running (0h00m41.0s), 1/1 VUs, 0 complete and 0 interrupted iterations
files   [   0% ] 1 VUs  0h00m41.0s/1h30m0s  0/1 iters, 1 per VU

running (0h00m42.0s), 1/1 VUs, 0 complete and 0 interrupted iterations
files   [   0% ] 1 VUs  0h00m42.0s/1h30m0s  0/1 iters, 1 per VU

running (0h00m43.0s), 1/1 VUs, 0 complete and 0 interrupted iterations
files   [   0% ] 1 VUs  0h00m43.0s/1h30m0s  0/1 iters, 1 per VU

running (0h00m44.0s), 1/1 VUs, 0 complete and 0 interrupted iterations
files   [   0% ] 1 VUs  0h00m44.0s/1h30m0s  0/1 iters, 1 per VU

running (0h00m45.0s), 1/1 VUs, 0 complete and 0 interrupted iterations
files   [   0% ] 1 VUs  0h00m45.0s/1h30m0s  0/1 iters, 1 per VU

running (0h00m46.0s), 1/1 VUs, 0 complete and 0 interrupted iterations
files   [   0% ] 1 VUs  0h00m46.0s/1h30m0s  0/1 iters, 1 per VU

running (0h00m47.0s), 1/1 VUs, 0 complete and 0 interrupted iterations
files   [   0% ] 1 VUs  0h00m47.0s/1h30m0s  0/1 iters, 1 per VU

running (0h00m48.0s), 1/1 VUs, 0 complete and 0 interrupted iterations
files   [   0% ] 1 VUs  0h00m48.0s/1h30m0s  0/1 iters, 1 per VU

running (0h00m49.0s), 1/1 VUs, 0 complete and 0 interrupted iterations
files   [   0% ] 1 VUs  0h00m49.0s/1h30m0s  0/1 iters, 1 per VU

running (0h00m50.0s), 1/1 VUs, 0 complete and 0 interrupted iterations
files   [   0% ] 1 VUs  0h00m50.0s/1h30m0s  0/1 iters, 1 per VU

running (0h00m51.0s), 1/1 VUs, 0 complete and 0 interrupted iterations
files   [   0% ] 1 VUs  0h00m51.0s/1h30m0s  0/1 iters, 1 per VU

running (0h00m52.0s), 1/1 VUs, 0 complete and 0 interrupted iterations
files   [   0% ] 1 VUs  0h00m52.0s/1h30m0s  0/1 iters, 1 per VU

running (0h00m53.0s), 1/1 VUs, 0 complete and 0 interrupted iterations
files   [   0% ] 1 VUs  0h00m53.0s/1h30m0s  0/1 iters, 1 per VU

running (0h00m54.0s), 1/1 VUs, 0 complete and 0 interrupted iterations
files   [   0% ] 1 VUs  0h00m54.0s/1h30m0s  0/1 iters, 1 per VU

running (0h00m55.0s), 1/1 VUs, 0 complete and 0 interrupted iterations
files   [   0% ] 1 VUs  0h00m55.0s/1h30m0s  0/1 iters, 1 per VU

running (0h00m56.0s), 1/1 VUs, 0 complete and 0 interrupted iterations
files   [   0% ] 1 VUs  0h00m56.0s/1h30m0s  0/1 iters, 1 per VU

running (0h00m57.0s), 1/1 VUs, 0 complete and 0 interrupted iterations
files   [   0% ] 1 VUs  0h00m57.0s/1h30m0s  0/1 iters, 1 per VU

running (0h00m58.0s), 1/1 VUs, 0 complete and 0 interrupted iterations
files   [   0% ] 1 VUs  0h00m58.0s/1h30m0s  0/1 iters, 1 per VU

running (0h00m59.0s), 1/1 VUs, 0 complete and 0 interrupted iterations
files   [   0% ] 1 VUs  0h00m59.0s/1h30m0s  0/1 iters, 1 per VU

running (0h01m00.0s), 1/1 VUs, 0 complete and 0 interrupted iterations
files   [   0% ] 1 VUs  0h01m00.0s/1h30m0s  0/1 iters, 1 per VU

running (0h01m01.0s), 1/1 VUs, 0 complete and 0 interrupted iterations
files   [   0% ] 1 VUs  0h01m01.0s/1h30m0s  0/1 iters, 1 per VU

running (0h01m02.0s), 1/1 VUs, 0 complete and 0 interrupted iterations
files   [   0% ] 1 VUs  0h01m02.0s/1h30m0s  0/1 iters, 1 per VU

running (0h01m03.0s), 1/1 VUs, 0 complete and 0 interrupted iterations
files   [   0% ] 1 VUs  0h01m03.0s/1h30m0s  0/1 iters, 1 per VU

running (0h01m04.0s), 1/1 VUs, 0 complete and 0 interrupted iterations
files   [   0% ] 1 VUs  0h01m04.0s/1h30m0s  0/1 iters, 1 per VU

running (0h01m05.0s), 1/1 VUs, 0 complete and 0 interrupted iterations
files   [   0% ] 1 VUs  0h01m05.0s/1h30m0s  0/1 iters, 1 per VU

running (0h01m06.0s), 1/1 VUs, 0 complete and 0 interrupted iterations
files   [   0% ] 1 VUs  0h01m06.0s/1h30m0s  0/1 iters, 1 per VU

running (0h01m07.0s), 1/1 VUs, 0 complete and 0 interrupted iterations
files   [   0% ] 1 VUs  0h01m07.0s/1h30m0s  0/1 iters, 1 per VU

running (0h01m08.0s), 1/1 VUs, 0 complete and 0 interrupted iterations
files   [   0% ] 1 VUs  0h01m08.0s/1h30m0s  0/1 iters, 1 per VU

running (0h01m09.0s), 1/1 VUs, 0 complete and 0 interrupted iterations
files   [   0% ] 1 VUs  0h01m09.0s/1h30m0s  0/1 iters, 1 per VU

running (0h01m10.0s), 1/1 VUs, 0 complete and 0 interrupted iterations
files   [   0% ] 1 VUs  0h01m10.0s/1h30m0s  0/1 iters, 1 per VU

running (0h01m11.0s), 1/1 VUs, 0 complete and 0 interrupted iterations
files   [   0% ] 1 VUs  0h01m11.0s/1h30m0s  0/1 iters, 1 per VU

running (0h01m12.0s), 1/1 VUs, 0 complete and 0 interrupted iterations
files   [   0% ] 1 VUs  0h01m12.0s/1h30m0s  0/1 iters, 1 per VU

running (0h01m13.0s), 1/1 VUs, 0 complete and 0 interrupted iterations
files   [   0% ] 1 VUs  0h01m13.0s/1h30m0s  0/1 iters, 1 per VU

running (0h01m14.0s), 1/1 VUs, 0 complete and 0 interrupted iterations
files   [   0% ] 1 VUs  0h01m14.0s/1h30m0s  0/1 iters, 1 per VU

running (0h01m15.0s), 1/1 VUs, 0 complete and 0 interrupted iterations
files   [   0% ] 1 VUs  0h01m15.0s/1h30m0s  0/1 iters, 1 per VU

running (0h01m16.0s), 1/1 VUs, 0 complete and 0 interrupted iterations
files   [   0% ] 1 VUs  0h01m16.0s/1h30m0s  0/1 iters, 1 per VU

running (0h01m17.0s), 1/1 VUs, 0 complete and 0 interrupted iterations
files   [   0% ] 1 VUs  0h01m17.0s/1h30m0s  0/1 iters, 1 per VU

running (0h01m18.0s), 1/1 VUs, 0 complete and 0 interrupted iterations
files   [   0% ] 1 VUs  0h01m18.0s/1h30m0s  0/1 iters, 1 per VU

running (0h01m19.0s), 1/1 VUs, 0 complete and 0 interrupted iterations
files   [   0% ] 1 VUs  0h01m19.0s/1h30m0s  0/1 iters, 1 per VU

running (0h01m20.0s), 1/1 VUs, 0 complete and 0 interrupted iterations
files   [   0% ] 1 VUs  0h01m20.0s/1h30m0s  0/1 iters, 1 per VU

running (0h01m21.0s), 1/1 VUs, 0 complete and 0 interrupted iterations
files   [   0% ] 1 VUs  0h01m21.0s/1h30m0s  0/1 iters, 1 per VU

running (0h01m22.0s), 1/1 VUs, 0 complete and 0 interrupted iterations
files   [   0% ] 1 VUs  0h01m22.0s/1h30m0s  0/1 iters, 1 per VU

running (0h01m23.0s), 1/1 VUs, 0 complete and 0 interrupted iterations
files   [   0% ] 1 VUs  0h01m23.0s/1h30m0s  0/1 iters, 1 per VU

running (0h01m24.0s), 1/1 VUs, 0 complete and 0 interrupted iterations
files   [   0% ] 1 VUs  0h01m24.0s/1h30m0s  0/1 iters, 1 per VU

running (0h01m25.0s), 1/1 VUs, 0 complete and 0 interrupted iterations
files   [   0% ] 1 VUs  0h01m25.0s/1h30m0s  0/1 iters, 1 per VU

running (0h01m26.0s), 1/1 VUs, 0 complete and 0 interrupted iterations
files   [   0% ] 1 VUs  0h01m26.0s/1h30m0s  0/1 iters, 1 per VU

running (0h01m27.0s), 1/1 VUs, 0 complete and 0 interrupted iterations
files   [   0% ] 1 VUs  0h01m27.0s/1h30m0s  0/1 iters, 1 per VU

running (0h01m28.0s), 1/1 VUs, 0 complete and 0 interrupted iterations
files   [   0% ] 1 VUs  0h01m28.0s/1h30m0s  0/1 iters, 1 per VU

running (0h01m29.0s), 1/1 VUs, 0 complete and 0 interrupted iterations
files   [   0% ] 1 VUs  0h01m29.0s/1h30m0s  0/1 iters, 1 per VU

running (0h01m30.0s), 1/1 VUs, 0 complete and 0 interrupted iterations
files   [   0% ] 1 VUs  0h01m30.0s/1h30m0s  0/1 iters, 1 per VU

running (0h01m31.0s), 1/1 VUs, 0 complete and 0 interrupted iterations
files   [   0% ] 1 VUs  0h01m31.0s/1h30m0s  0/1 iters, 1 per VU

running (0h01m32.0s), 1/1 VUs, 0 complete and 0 interrupted iterations
files   [   0% ] 1 VUs  0h01m32.0s/1h30m0s  0/1 iters, 1 per VU

running (0h01m33.0s), 1/1 VUs, 0 complete and 0 interrupted iterations
files   [   0% ] 1 VUs  0h01m33.0s/1h30m0s  0/1 iters, 1 per VU

running (0h01m34.0s), 1/1 VUs, 0 complete and 0 interrupted iterations
files   [   0% ] 1 VUs  0h01m34.0s/1h30m0s  0/1 iters, 1 per VU

running (0h01m35.0s), 1/1 VUs, 0 complete and 0 interrupted iterations
files   [   0% ] 1 VUs  0h01m35.0s/1h30m0s  0/1 iters, 1 per VU

running (0h01m36.0s), 1/1 VUs, 0 complete and 0 interrupted iterations
files   [   0% ] 1 VUs  0h01m36.0s/1h30m0s  0/1 iters, 1 per VU

running (0h01m37.0s), 1/1 VUs, 0 complete and 0 interrupted iterations
files   [   0% ] 1 VUs  0h01m37.0s/1h30m0s  0/1 iters, 1 per VU

running (0h01m38.0s), 1/1 VUs, 0 complete and 0 interrupted iterations
files   [   0% ] 1 VUs  0h01m38.0s/1h30m0s  0/1 iters, 1 per VU

running (0h01m39.0s), 1/1 VUs, 0 complete and 0 interrupted iterations
files   [   0% ] 1 VUs  0h01m39.0s/1h30m0s  0/1 iters, 1 per VU
time="2026-10-04T08:50:06-03:00" level=info msg="099c0c8b1d564073a26587cd7e2fde8a: envio=1000000/1000000 linhas; lotes=1000; tempo_ms=98641" source=console
time="2026-10-04T08:50:06-03:00" level=info msg="099c0c8b1d564073a26587cd7e2fde8a: status=na_fila; desde_conclusao_ms=126; consultas=1" source=console

running (0h01m40.0s), 1/1 VUs, 0 complete and 0 interrupted iterations
files   [   0% ] 1 VUs  0h01m40.0s/1h30m0s  0/1 iters, 1 per VU

running (0h01m41.0s), 1/1 VUs, 0 complete and 0 interrupted iterations
files   [   0% ] 1 VUs  0h01m41.0s/1h30m0s  0/1 iters, 1 per VU
time="2026-10-04T08:50:08-03:00" level=info msg="099c0c8b1d564073a26587cd7e2fde8a: status=processando; desde_conclusao_ms=2255; consultas=2" source=console

running (0h01m42.0s), 1/1 VUs, 0 complete and 0 interrupted iterations
files   [   0% ] 1 VUs  0h01m42.0s/1h30m0s  0/1 iters, 1 per VU

running (0h01m43.0s), 1/1 VUs, 0 complete and 0 interrupted iterations
files   [   0% ] 1 VUs  0h01m43.0s/1h30m0s  0/1 iters, 1 per VU

running (0h01m44.0s), 1/1 VUs, 0 complete and 0 interrupted iterations
files   [   0% ] 1 VUs  0h01m44.0s/1h30m0s  0/1 iters, 1 per VU

running (0h01m45.0s), 1/1 VUs, 0 complete and 0 interrupted iterations
files   [   0% ] 1 VUs  0h01m45.0s/1h30m0s  0/1 iters, 1 per VU

running (0h01m46.0s), 1/1 VUs, 0 complete and 0 interrupted iterations
files   [   0% ] 1 VUs  0h01m46.0s/1h30m0s  0/1 iters, 1 per VU

running (0h01m47.0s), 1/1 VUs, 0 complete and 0 interrupted iterations
files   [   0% ] 1 VUs  0h01m47.0s/1h30m0s  0/1 iters, 1 per VU

running (0h01m48.0s), 1/1 VUs, 0 complete and 0 interrupted iterations
files   [   0% ] 1 VUs  0h01m48.0s/1h30m0s  0/1 iters, 1 per VU

running (0h01m49.0s), 1/1 VUs, 0 complete and 0 interrupted iterations
files   [   0% ] 1 VUs  0h01m49.0s/1h30m0s  0/1 iters, 1 per VU

running (0h01m50.0s), 1/1 VUs, 0 complete and 0 interrupted iterations
files   [   0% ] 1 VUs  0h01m50.0s/1h30m0s  0/1 iters, 1 per VU

running (0h01m51.0s), 1/1 VUs, 0 complete and 0 interrupted iterations
files   [   0% ] 1 VUs  0h01m51.0s/1h30m0s  0/1 iters, 1 per VU

running (0h01m52.0s), 1/1 VUs, 0 complete and 0 interrupted iterations
files   [   0% ] 1 VUs  0h01m52.0s/1h30m0s  0/1 iters, 1 per VU

running (0h01m53.0s), 1/1 VUs, 0 complete and 0 interrupted iterations
files   [   0% ] 1 VUs  0h01m53.0s/1h30m0s  0/1 iters, 1 per VU

running (0h01m54.0s), 1/1 VUs, 0 complete and 0 interrupted iterations
files   [   0% ] 1 VUs  0h01m54.0s/1h30m0s  0/1 iters, 1 per VU

running (0h01m55.0s), 1/1 VUs, 0 complete and 0 interrupted iterations
files   [   0% ] 1 VUs  0h01m55.0s/1h30m0s  0/1 iters, 1 per VU

running (0h01m56.0s), 1/1 VUs, 0 complete and 0 interrupted iterations
files   [   0% ] 1 VUs  0h01m56.0s/1h30m0s  0/1 iters, 1 per VU
time="2026-10-04T08:50:23-03:00" level=info msg="099c0c8b1d564073a26587cd7e2fde8a: status=pronto; desde_conclusao_ms=17160; consultas=9" source=console
time="2026-10-04T08:50:23-03:00" level=info msg="099c0c8b1d564073a26587cd7e2fde8a: pronto; linhas=1000000; lotes=1000; bytes=519888915; envio_ms=98642; ingestao_ms=99564; fila_ms=1911; geracao_ms=13796; ate_get_pronto_ms=17160; ponta_a_ponta_ms=116724; consultas=9" source=console


  █ THRESHOLDS

    job_success
    ✓ 'rate==1' rate=100.00%

    test_errors
    ✓ 'count==0' count=0


  █ TOTAL RESULTS

    CUSTOM
    job_close_ms...................: avg=134ms     min=134ms     med=134ms     max=134ms     p(90)=134ms     p(95)=134ms
    job_create_ms..................: avg=788ms     min=788ms     med=788ms     max=788ms     p(90)=788ms     p(95)=788ms
    job_end_to_end_ms..............: avg=1m56s     min=1m56s     med=1m56s     max=1m56s     p(90)=1m56s     p(95)=1m56s
    job_generation_ms..............: avg=13.79s    min=13.79s    med=13.79s    max=13.79s    p(90)=13.79s    p(95)=13.79s
    job_ingest_ms..................: avg=1m39s     min=1m39s     med=1m39s     max=1m39s     p(90)=1m39s     p(95)=1m39s
    job_output_bytes...............: avg=519888915 min=519888915 med=519888915 max=519888915 p(90)=519888915 p(95)=519888915
    job_polling_ms.................: avg=17.16s    min=17.16s    med=17.16s    max=17.16s    p(90)=17.16s    p(95)=17.16s
    job_polls......................: avg=9         min=9         med=9         max=9         p(90)=9         p(95)=9
    job_queue_ms...................: avg=1.91s     min=1.91s     med=1.91s     max=1.91s     p(90)=1.91s     p(95)=1.91s
    job_send_ms....................: avg=1m38s     min=1m38s     med=1m38s     max=1m38s     p(90)=1m38s     p(95)=1m38s
    job_success....................: 100.00% 1 out of 1
    job_total_ms...................: avg=15.7s     min=15.7s     med=15.7s     max=15.7s     p(90)=15.7s     p(95)=15.7s
    test_errors....................: 0       0/s

    HTTP
    http_req_duration..............: avg=1.83s     min=124.73ms  med=1.93s     max=2.81s     p(90)=2.03s     p(95)=2.08s
      { expected_response:true }...: avg=1.83s     min=124.73ms  med=1.93s     max=2.81s     p(90)=2.03s     p(95)=2.08s
    http_req_failed................: 0.00%   0 out of 1011
    http_reqs......................: 1011    8.661383/s

    EXECUTION
    iteration_duration.............: avg=1m56s     min=1m56s     med=1m56s     max=1m56s     p(90)=1m56s     p(95)=1m56s
    iterations.....................: 1       0.008567/s
    vus............................: 1       min=1         max=1
    vus_max........................: 1       min=1         max=1

    NETWORK
    data_received..................: 1.4 MB  12 kB/s
    data_sent......................: 545 MB  4.7 MB/s




running (0h01m56.7s), 0/1 VUs, 1 complete and 0 interrupted iterations
files ✓ [ 100% ] 1 VUs  0h01m56.7s/1h30m0s  1/1 iters, 1 per VU
