
         /\      Grafana   /‾‾/
    /\  /  \     |\  __   /  /
   /  \/    \    | |/ /  /   ‾‾\
  /          \   |   (  |  (‾)  |
 / __________ \  |_|\_\  \_____/


     execution: local
        script: tests/worker-load.k6.js
        output: -

     scenarios: (100.00%) 1 scenario, 1 max VUs, 1h30m30s max duration (incl. graceful stop):
              * files: 1 iterations for each of 1 VUs (maxDuration: 1h30m0s, gracefulStop: 30s)


running (0h00m01.0s), 1/1 VUs, 0 complete and 0 interrupted iterations
files   [   0% ] 1 VUs  0h00m01.0s/1h30m0s  0/1 iters, 1 per VU

running (0h00m02.0s), 1/1 VUs, 0 complete and 0 interrupted iterations
files   [   0% ] 1 VUs  0h00m02.0s/1h30m0s  0/1 iters, 1 per VU

running (0h00m03.0s), 1/1 VUs, 0 complete and 0 interrupted iterations
files   [   0% ] 1 VUs  0h00m03.0s/1h30m0s  0/1 iters, 1 per VU
time="2026-10-04T08:22:34-03:00" level=info msg="edc365bcfd5542f890472a8b28b3a88d: envio=1000000/1000001 linhas; lotes=1000; tempo_ms=3362" source=console
time="2026-10-04T08:22:34-03:00" level=info msg="edc365bcfd5542f890472a8b28b3a88d: status=na_fila; desde_conclusao_ms=0; consultas=1" source=console

running (0h00m04.0s), 1/1 VUs, 0 complete and 0 interrupted iterations
files   [   0% ] 1 VUs  0h00m04.0s/1h30m0s  0/1 iters, 1 per VU

running (0h00m05.0s), 1/1 VUs, 0 complete and 0 interrupted iterations
files   [   0% ] 1 VUs  0h00m05.0s/1h30m0s  0/1 iters, 1 per VU
time="2026-10-04T08:22:36-03:00" level=info msg="edc365bcfd5542f890472a8b28b3a88d: status=pronto; desde_conclusao_ms=2004; consultas=2" source=console
time="2026-10-04T08:22:36-03:00" level=info msg="edc365bcfd5542f890472a8b28b3a88d: pronto; linhas=1000001; lotes=1001; bytes=8888925; envio_ms=3364; ingestao_ms=3373; fila_ms=1025; geracao_ms=459; ate_get_pronto_ms=2004; ponta_a_ponta_ms=5377; consultas=2" source=console


  █ THRESHOLDS

    job_success
    ✓ 'rate==1' rate=100.00%

    test_errors
    ✓ 'count==0' count=0


  █ TOTAL RESULTS

    CUSTOM
    job_close_ms...................: avg=3ms     min=3ms     med=3ms     max=3ms     p(90)=3ms     p(95)=3ms
    job_create_ms..................: avg=6ms     min=6ms     med=6ms     max=6ms     p(90)=6ms     p(95)=6ms
    job_end_to_end_ms..............: avg=5.37s   min=5.37s   med=5.37s   max=5.37s   p(90)=5.37s   p(95)=5.37s
    job_generation_ms..............: avg=459ms   min=459ms   med=459ms   max=459ms   p(90)=459ms   p(95)=459ms
    job_ingest_ms..................: avg=3.37s   min=3.37s   med=3.37s   max=3.37s   p(90)=3.37s   p(95)=3.37s
    job_output_bytes...............: avg=8888925 min=8888925 med=8888925 max=8888925 p(90)=8888925 p(95)=8888925
    job_polling_ms.................: avg=2s      min=2s      med=2s      max=2s      p(90)=2s      p(95)=2s
    job_polls......................: avg=2       min=2       med=2       max=2       p(90)=2       p(95)=2
    job_queue_ms...................: avg=1.02s   min=1.02s   med=1.02s   max=1.02s   p(90)=1.02s   p(95)=1.02s
    job_send_ms....................: avg=3.36s   min=3.36s   med=3.36s   max=3.36s   p(90)=3.36s   p(95)=3.36s
    job_success....................: 100.00% 1 out of 1
    job_total_ms...................: avg=1.48s   min=1.48s   med=1.48s   max=1.48s   p(90)=1.48s   p(95)=1.48s
    test_errors....................: 0       0/s

    HTTP
    http_req_duration..............: avg=8.5ms   min=404µs   med=8.51ms  max=27.47ms p(90)=13.09ms p(95)=14.14ms
      { expected_response:true }...: avg=8.5ms   min=404µs   med=8.51ms  max=27.47ms p(90)=13.09ms p(95)=14.14ms
    http_req_failed................: 0.00%   0 out of 1005
    http_reqs......................: 1005    186.900454/s

    EXECUTION
    iteration_duration.............: avg=5.37s   min=5.37s   med=5.37s   max=5.37s   p(90)=5.37s   p(95)=5.37s
    iterations.....................: 1       0.185971/s
    vus............................: 1       min=1         max=1
    vus_max........................: 1       min=1         max=1

    NETWORK
    data_received..................: 378 kB  70 kB/s
    data_sent......................: 33 MB   6.2 MB/s




running (0h00m05.4s), 0/1 VUs, 1 complete and 0 interrupted iterations
files ✓ [ 100% ] 1 VUs  0h00m05.4s/1h30m0s  1/1 iters, 1 per VU
