
         /\      Grafana   /‾‾/
    /\  /  \     |\  __   /  /
   /  \/    \    | |/ /  /   ‾‾\
  /          \   |   (  |  (‾)  |
 / __________ \  |_|\_\  \_____/


     execution: local
        script: tests/worker-load.k6.js
        output: -

     scenarios: (100.00%) 1 scenario, 1 max VUs, 1h30m30s max duration (incl. graceful stop):
              * files: 1 iterations for each of 1 VUs (maxDuration: 1h30m0s, gracefulStop: 30s)


running (0h00m01.0s), 1/1 VUs, 0 complete and 0 interrupted iterations
files   [   0% ] 1 VUs  0h00m01.0s/1h30m0s  0/1 iters, 1 per VU

running (0h00m02.0s), 1/1 VUs, 0 complete and 0 interrupted iterations
files   [   0% ] 1 VUs  0h00m02.0s/1h30m0s  0/1 iters, 1 per VU

running (0h00m03.0s), 1/1 VUs, 0 complete and 0 interrupted iterations
files   [   0% ] 1 VUs  0h00m03.0s/1h30m0s  0/1 iters, 1 per VU

running (0h00m04.0s), 1/1 VUs, 0 complete and 0 interrupted iterations
files   [   0% ] 1 VUs  0h00m04.0s/1h30m0s  0/1 iters, 1 per VU
time="2026-10-04T08:28:56-03:00" level=info msg="c51da5ff8a934522877990fb725373f6: status=na_fila; desde_conclusao_ms=1; consultas=1" source=console

running (0h00m05.0s), 1/1 VUs, 0 complete and 0 interrupted iterations
files   [   0% ] 1 VUs  0h00m05.0s/1h30m0s  0/1 iters, 1 per VU

running (0h00m06.0s), 1/1 VUs, 0 complete and 0 interrupted iterations
files   [   0% ] 1 VUs  0h00m06.0s/1h30m0s  0/1 iters, 1 per VU
time="2026-10-04T08:28:58-03:00" level=info msg="c51da5ff8a934522877990fb725373f6: status=processando; desde_conclusao_ms=2003; consultas=2" source=console

running (0h00m07.0s), 1/1 VUs, 0 complete and 0 interrupted iterations
files   [   0% ] 1 VUs  0h00m07.0s/1h30m0s  0/1 iters, 1 per VU

running (0h00m08.0s), 1/1 VUs, 0 complete and 0 interrupted iterations
files   [   0% ] 1 VUs  0h00m08.0s/1h30m0s  0/1 iters, 1 per VU
time="2026-10-04T08:29:00-03:00" level=info msg="c51da5ff8a934522877990fb725373f6: status=pronto; desde_conclusao_ms=4005; consultas=3" source=console
time="2026-10-04T08:29:00-03:00" level=info msg="c51da5ff8a934522877990fb725373f6: pronto; linhas=100000; lotes=100; bytes=51888914; envio_ms=4848; ingestao_ms=4853; fila_ms=1999; geracao_ms=807; ate_get_pronto_ms=4005; ponta_a_ponta_ms=8858; consultas=3" source=console


  █ THRESHOLDS

    job_success
    ✓ 'rate==1' rate=100.00%

    test_errors
    ✓ 'count==0' count=0


  █ TOTAL RESULTS

    CUSTOM
    job_close_ms...................: avg=2ms      min=2ms      med=2ms      max=2ms      p(90)=2ms      p(95)=2ms
    job_create_ms..................: avg=3ms      min=3ms      med=3ms      max=3ms      p(90)=3ms      p(95)=3ms
    job_end_to_end_ms..............: avg=8.85s    min=8.85s    med=8.85s    max=8.85s    p(90)=8.85s    p(95)=8.85s
    job_generation_ms..............: avg=807ms    min=807ms    med=807ms    max=807ms    p(90)=807ms    p(95)=807ms
    job_ingest_ms..................: avg=4.85s    min=4.85s    med=4.85s    max=4.85s    p(90)=4.85s    p(95)=4.85s
    job_output_bytes...............: avg=51888914 min=51888914 med=51888914 max=51888914 p(90)=51888914 p(95)=51888914
    job_polling_ms.................: avg=4s       min=4s       med=4s       max=4s       p(90)=4s       p(95)=4s
    job_polls......................: avg=3        min=3        med=3        max=3        p(90)=3        p(95)=3
    job_queue_ms...................: avg=1.99s    min=1.99s    med=1.99s    max=1.99s    p(90)=1.99s    p(95)=1.99s
    job_send_ms....................: avg=4.84s    min=4.84s    med=4.84s    max=4.84s    p(90)=4.84s    p(95)=4.84s
    job_success....................: 100.00% 1 out of 1
    job_total_ms...................: avg=2.8s     min=2.8s     med=2.8s     max=2.8s     p(90)=2.8s     p(95)=2.8s
    test_errors....................: 0       0/s

    HTTP
    http_req_duration..............: avg=74.86ms  min=421µs    med=67.84ms  max=858.94ms p(90)=90.36ms  p(95)=92.19ms
      { expected_response:true }...: avg=74.86ms  min=421µs    med=67.84ms  max=858.94ms p(90)=90.36ms  p(95)=92.19ms
    http_req_failed................: 0.00%   0 out of 105
    http_reqs......................: 105     11.853519/s

    EXECUTION
    iteration_duration.............: avg=8.85s    min=8.85s    med=8.85s    max=8.85s    p(90)=8.85s    p(95)=8.85s
    iterations.....................: 1       0.112891/s
    vus............................: 1       min=1        max=1
    vus_max........................: 1       min=1        max=1

    NETWORK
    data_received..................: 41 kB   4.6 kB/s
    data_sent......................: 54 MB   6.1 MB/s




running (0h00m08.9s), 0/1 VUs, 1 complete and 0 interrupted iterations
files ✓ [ 100% ] 1 VUs  0h00m08.9s/1h30m0s  1/1 iters, 1 per VU
