
         /\      Grafana   /‾‾/
    /\  /  \     |\  __   /  /
   /  \/    \    | |/ /  /   ‾‾\
  /          \   |   (  |  (‾)  |
 / __________ \  |_|\_\  \_____/


     execution: local
        script: tests/worker-load.k6.js
        output: -

     scenarios: (100.00%) 1 scenario, 1 max VUs, 1h30m30s max duration (incl. graceful stop):
              * files: 1 iterations for each of 1 VUs (maxDuration: 1h30m0s, gracefulStop: 30s)


running (0h00m01.0s), 1/1 VUs, 0 complete and 0 interrupted iterations
files   [   0% ] 1 VUs  0h00m01.0s/1h30m0s  0/1 iters, 1 per VU

running (0h00m02.0s), 1/1 VUs, 0 complete and 0 interrupted iterations
files   [   0% ] 1 VUs  0h00m02.0s/1h30m0s  0/1 iters, 1 per VU

running (0h00m03.0s), 1/1 VUs, 0 complete and 0 interrupted iterations
files   [   0% ] 1 VUs  0h00m03.0s/1h30m0s  0/1 iters, 1 per VU

running (0h00m04.0s), 1/1 VUs, 0 complete and 0 interrupted iterations
files   [   0% ] 1 VUs  0h00m04.0s/1h30m0s  0/1 iters, 1 per VU
time="2026-10-04T08:28:34-03:00" level=info msg="016b545879c74a1f85b8138fe9a5642b: status=na_fila; desde_conclusao_ms=1; consultas=1" source=console

running (0h00m05.0s), 1/1 VUs, 0 complete and 0 interrupted iterations
files   [   0% ] 1 VUs  0h00m05.0s/1h30m0s  0/1 iters, 1 per VU

running (0h00m06.0s), 1/1 VUs, 0 complete and 0 interrupted iterations
files   [   0% ] 1 VUs  0h00m06.0s/1h30m0s  0/1 iters, 1 per VU
time="2026-10-04T08:28:36-03:00" level=info msg="016b545879c74a1f85b8138fe9a5642b: status=processando; desde_conclusao_ms=2002; consultas=2" source=console

running (0h00m07.0s), 1/1 VUs, 0 complete and 0 interrupted iterations
files   [   0% ] 1 VUs  0h00m07.0s/1h30m0s  0/1 iters, 1 per VU

running (0h00m08.0s), 1/1 VUs, 0 complete and 0 interrupted iterations
files   [   0% ] 1 VUs  0h00m08.0s/1h30m0s  0/1 iters, 1 per VU
time="2026-10-04T08:28:38-03:00" level=info msg="016b545879c74a1f85b8138fe9a5642b: status=pronto; desde_conclusao_ms=4007; consultas=3" source=console
time="2026-10-04T08:28:38-03:00" level=info msg="016b545879c74a1f85b8138fe9a5642b: pronto; linhas=100000; lotes=100; bytes=51888914; envio_ms=4187; ingestao_ms=4196; fila_ms=1260; geracao_ms=908; ate_get_pronto_ms=4008; ponta_a_ponta_ms=8204; consultas=3" source=console


  █ THRESHOLDS

    job_success
    ✓ 'rate==1' rate=100.00%

    test_errors
    ✓ 'count==0' count=0


  █ TOTAL RESULTS

    CUSTOM
    job_close_ms...................: avg=3ms      min=3ms      med=3ms      max=3ms      p(90)=3ms      p(95)=3ms
    job_create_ms..................: avg=6ms      min=6ms      med=6ms      max=6ms      p(90)=6ms      p(95)=6ms
    job_end_to_end_ms..............: avg=8.2s     min=8.2s     med=8.2s     max=8.2s     p(90)=8.2s     p(95)=8.2s
    job_generation_ms..............: avg=908ms    min=908ms    med=908ms    max=908ms    p(90)=908ms    p(95)=908ms
    job_ingest_ms..................: avg=4.19s    min=4.19s    med=4.19s    max=4.19s    p(90)=4.19s    p(95)=4.19s
    job_output_bytes...............: avg=51888914 min=51888914 med=51888914 max=51888914 p(90)=51888914 p(95)=51888914
    job_polling_ms.................: avg=4s       min=4s       med=4s       max=4s       p(90)=4s       p(95)=4s
    job_polls......................: avg=3        min=3        med=3        max=3        p(90)=3        p(95)=3
    job_queue_ms...................: avg=1.26s    min=1.26s    med=1.26s    max=1.26s    p(90)=1.26s    p(95)=1.26s
    job_send_ms....................: avg=4.18s    min=4.18s    med=4.18s    max=4.18s    p(90)=4.18s    p(95)=4.18s
    job_success....................: 100.00% 1 out of 1
    job_total_ms...................: avg=2.16s    min=2.16s    med=2.16s    max=2.16s    p(90)=2.16s    p(95)=2.16s
    test_errors....................: 0       0/s

    HTTP
    http_req_duration..............: avg=17.24ms  min=539µs    med=17.2ms   max=30.65ms  p(90)=24.7ms   p(95)=27.85ms
      { expected_response:true }...: avg=17.24ms  min=539µs    med=17.2ms   max=30.65ms  p(90)=24.7ms   p(95)=27.85ms
    http_req_failed................: 0.00%   0 out of 105
    http_reqs......................: 105     12.797491/s

    EXECUTION
    iteration_duration.............: avg=8.2s     min=8.2s     med=8.2s     max=8.2s     p(90)=8.2s     p(95)=8.2s
    iterations.....................: 1       0.121881/s
    vus............................: 1       min=1        max=1
    vus_max........................: 1       min=1        max=1

    NETWORK
    data_received..................: 41 kB   4.9 kB/s
    data_sent......................: 54 MB   6.6 MB/s




running (0h00m08.2s), 0/1 VUs, 1 complete and 0 interrupted iterations
files ✓ [ 100% ] 1 VUs  0h00m08.2s/1h30m0s  1/1 iters, 1 per VU
