
         /\      Grafana   /‾‾/
    /\  /  \     |\  __   /  /
   /  \/    \    | |/ /  /   ‾‾\
  /          \   |   (  |  (‾)  |
 / __________ \  |_|\_\  \_____/


     execution: local
        script: tests/worker-load.k6.js
        output: -

     scenarios: (100.00%) 1 scenario, 1 max VUs, 1h30m30s max duration (incl. graceful stop):
              * files: 1 iterations for each of 1 VUs (maxDuration: 1h30m0s, gracefulStop: 30s)


running (0h00m01.0s), 1/1 VUs, 0 complete and 0 interrupted iterations
files   [   0% ] 1 VUs  0h00m01.0s/1h30m0s  0/1 iters, 1 per VU

running (0h00m02.0s), 1/1 VUs, 0 complete and 0 interrupted iterations
files   [   0% ] 1 VUs  0h00m02.0s/1h30m0s  0/1 iters, 1 per VU

running (0h00m03.0s), 1/1 VUs, 0 complete and 0 interrupted iterations
files   [   0% ] 1 VUs  0h00m03.0s/1h30m0s  0/1 iters, 1 per VU

running (0h00m04.0s), 1/1 VUs, 0 complete and 0 interrupted iterations
files   [   0% ] 1 VUs  0h00m04.0s/1h30m0s  0/1 iters, 1 per VU
time="2026-10-04T08:29:04-03:00" level=info msg="25ae37be1adb4dafaf7122fb544c7a41: status=na_fila; desde_conclusao_ms=1; consultas=1" source=console

running (0h00m05.0s), 1/1 VUs, 0 complete and 0 interrupted iterations
files   [   0% ] 1 VUs  0h00m05.0s/1h30m0s  0/1 iters, 1 per VU

running (0h00m06.0s), 1/1 VUs, 0 complete and 0 interrupted iterations
files   [   0% ] 1 VUs  0h00m06.0s/1h30m0s  0/1 iters, 1 per VU
time="2026-10-04T08:29:06-03:00" level=info msg="25ae37be1adb4dafaf7122fb544c7a41: status=processando; desde_conclusao_ms=2010; consultas=2" source=console

running (0h00m07.0s), 1/1 VUs, 0 complete and 0 interrupted iterations
files   [   0% ] 1 VUs  0h00m07.0s/1h30m0s  0/1 iters, 1 per VU

running (0h00m08.0s), 1/1 VUs, 0 complete and 0 interrupted iterations
files   [   0% ] 1 VUs  0h00m08.0s/1h30m0s  0/1 iters, 1 per VU
time="2026-10-04T08:29:08-03:00" level=info msg="25ae37be1adb4dafaf7122fb544c7a41: status=pronto; desde_conclusao_ms=4014; consultas=3" source=console
time="2026-10-04T08:29:08-03:00" level=info msg="25ae37be1adb4dafaf7122fb544c7a41: pronto; linhas=100000; lotes=100; bytes=51888914; envio_ms=4158; ingestao_ms=4165; fila_ms=1540; geracao_ms=777; ate_get_pronto_ms=4014; ponta_a_ponta_ms=8179; consultas=3" source=console


  █ THRESHOLDS

    job_success
    ✓ 'rate==1' rate=100.00%

    test_errors
    ✓ 'count==0' count=0


  █ TOTAL RESULTS

    CUSTOM
    job_close_ms...................: avg=2ms      min=2ms      med=2ms      max=2ms      p(90)=2ms      p(95)=2ms
    job_create_ms..................: avg=5ms      min=5ms      med=5ms      max=5ms      p(90)=5ms      p(95)=5ms
    job_end_to_end_ms..............: avg=8.17s    min=8.17s    med=8.17s    max=8.17s    p(90)=8.17s    p(95)=8.17s
    job_generation_ms..............: avg=777ms    min=777ms    med=777ms    max=777ms    p(90)=777ms    p(95)=777ms
    job_ingest_ms..................: avg=4.16s    min=4.16s    med=4.16s    max=4.16s    p(90)=4.16s    p(95)=4.16s
    job_output_bytes...............: avg=51888914 min=51888914 med=51888914 max=51888914 p(90)=51888914 p(95)=51888914
    job_polling_ms.................: avg=4.01s    min=4.01s    med=4.01s    max=4.01s    p(90)=4.01s    p(95)=4.01s
    job_polls......................: avg=3        min=3        med=3        max=3        p(90)=3        p(95)=3
    job_queue_ms...................: avg=1.54s    min=1.54s    med=1.54s    max=1.54s    p(90)=1.54s    p(95)=1.54s
    job_send_ms....................: avg=4.15s    min=4.15s    med=4.15s    max=4.15s    p(90)=4.15s    p(95)=4.15s
    job_success....................: 100.00% 1 out of 1
    job_total_ms...................: avg=2.31s    min=2.31s    med=2.31s    max=2.31s    p(90)=2.31s    p(95)=2.31s
    test_errors....................: 0       0/s

    HTTP
    http_req_duration..............: avg=17ms     min=401µs    med=17.81ms  max=22.81ms  p(90)=20.93ms  p(95)=21.98ms
      { expected_response:true }...: avg=17ms     min=401µs    med=17.81ms  max=22.81ms  p(90)=20.93ms  p(95)=21.98ms
    http_req_failed................: 0.00%   0 out of 105
    http_reqs......................: 105     12.83633/s

    EXECUTION
    iteration_duration.............: avg=8.17s    min=8.17s    med=8.17s    max=8.17s    p(90)=8.17s    p(95)=8.17s
    iterations.....................: 1       0.122251/s
    vus............................: 1       min=1        max=1
    vus_max........................: 1       min=1        max=1

    NETWORK
    data_received..................: 41 kB   5.0 kB/s
    data_sent......................: 54 MB   6.6 MB/s




running (0h00m08.2s), 0/1 VUs, 1 complete and 0 interrupted iterations
files ✓ [ 100% ] 1 VUs  0h00m08.2s/1h30m0s  1/1 iters, 1 per VU
