
         /\      Grafana   /‾‾/
    /\  /  \     |\  __   /  /
   /  \/    \    | |/ /  /   ‾‾\
  /          \   |   (  |  (‾)  |
 / __________ \  |_|\_\  \_____/


     execution: local
        script: tests/worker-load.k6.js
        output: -

     scenarios: (100.00%) 1 scenario, 1 max VUs, 1h30m30s max duration (incl. graceful stop):
              * files: 1 iterations for each of 1 VUs (maxDuration: 1h30m0s, gracefulStop: 30s)


running (0h00m01.0s), 1/1 VUs, 0 complete and 0 interrupted iterations
files   [   0% ] 1 VUs  0h00m01.0s/1h30m0s  0/1 iters, 1 per VU

running (0h00m02.0s), 1/1 VUs, 0 complete and 0 interrupted iterations
files   [   0% ] 1 VUs  0h00m02.0s/1h30m0s  0/1 iters, 1 per VU

running (0h00m03.0s), 1/1 VUs, 0 complete and 0 interrupted iterations
files   [   0% ] 1 VUs  0h00m03.0s/1h30m0s  0/1 iters, 1 per VU

running (0h00m04.0s), 1/1 VUs, 0 complete and 0 interrupted iterations
files   [   0% ] 1 VUs  0h00m04.0s/1h30m0s  0/1 iters, 1 per VU

running (0h00m05.0s), 1/1 VUs, 0 complete and 0 interrupted iterations
files   [   0% ] 1 VUs  0h00m05.0s/1h30m0s  0/1 iters, 1 per VU

running (0h00m06.0s), 1/1 VUs, 0 complete and 0 interrupted iterations
files   [   0% ] 1 VUs  0h00m06.0s/1h30m0s  0/1 iters, 1 per VU

running (0h00m07.0s), 1/1 VUs, 0 complete and 0 interrupted iterations
files   [   0% ] 1 VUs  0h00m07.0s/1h30m0s  0/1 iters, 1 per VU

running (0h00m08.0s), 1/1 VUs, 0 complete and 0 interrupted iterations
files   [   0% ] 1 VUs  0h00m08.0s/1h30m0s  0/1 iters, 1 per VU

running (0h00m09.0s), 1/1 VUs, 0 complete and 0 interrupted iterations
files   [   0% ] 1 VUs  0h00m09.0s/1h30m0s  0/1 iters, 1 per VU

running (0h00m10.0s), 1/1 VUs, 0 complete and 0 interrupted iterations
files   [   0% ] 1 VUs  0h00m10.0s/1h30m0s  0/1 iters, 1 per VU

running (0h00m11.0s), 1/1 VUs, 0 complete and 0 interrupted iterations
files   [   0% ] 1 VUs  0h00m11.0s/1h30m0s  0/1 iters, 1 per VU

running (0h00m12.0s), 1/1 VUs, 0 complete and 0 interrupted iterations
files   [   0% ] 1 VUs  0h00m12.0s/1h30m0s  0/1 iters, 1 per VU

running (0h00m13.0s), 1/1 VUs, 0 complete and 0 interrupted iterations
files   [   0% ] 1 VUs  0h00m13.0s/1h30m0s  0/1 iters, 1 per VU

running (0h00m14.0s), 1/1 VUs, 0 complete and 0 interrupted iterations
files   [   0% ] 1 VUs  0h00m14.0s/1h30m0s  0/1 iters, 1 per VU

running (0h00m15.0s), 1/1 VUs, 0 complete and 0 interrupted iterations
files   [   0% ] 1 VUs  0h00m15.0s/1h30m0s  0/1 iters, 1 per VU

running (0h00m16.0s), 1/1 VUs, 0 complete and 0 interrupted iterations
files   [   0% ] 1 VUs  0h00m16.0s/1h30m0s  0/1 iters, 1 per VU

running (0h00m17.0s), 1/1 VUs, 0 complete and 0 interrupted iterations
files   [   0% ] 1 VUs  0h00m17.0s/1h30m0s  0/1 iters, 1 per VU

running (0h00m18.0s), 1/1 VUs, 0 complete and 0 interrupted iterations
files   [   0% ] 1 VUs  0h00m18.0s/1h30m0s  0/1 iters, 1 per VU

running (0h00m19.0s), 1/1 VUs, 0 complete and 0 interrupted iterations
files   [   0% ] 1 VUs  0h00m19.0s/1h30m0s  0/1 iters, 1 per VU
time="2026-10-04T08:44:24-03:00" level=info msg="db06155d4c7c491f837418a4a00b1b7e: status=na_fila; desde_conclusao_ms=128; consultas=1" source=console

running (0h00m20.0s), 1/1 VUs, 0 complete and 0 interrupted iterations
files   [   0% ] 1 VUs  0h00m20.0s/1h30m0s  0/1 iters, 1 per VU

running (0h00m21.0s), 1/1 VUs, 0 complete and 0 interrupted iterations
files   [   0% ] 1 VUs  0h00m21.0s/1h30m0s  0/1 iters, 1 per VU
time="2026-10-04T08:44:26-03:00" level=info msg="db06155d4c7c491f837418a4a00b1b7e: status=processando; desde_conclusao_ms=2256; consultas=2" source=console

running (0h00m22.0s), 1/1 VUs, 0 complete and 0 interrupted iterations
files   [   0% ] 1 VUs  0h00m22.0s/1h30m0s  0/1 iters, 1 per VU

running (0h00m23.0s), 1/1 VUs, 0 complete and 0 interrupted iterations
files   [   0% ] 1 VUs  0h00m23.0s/1h30m0s  0/1 iters, 1 per VU
time="2026-10-04T08:44:28-03:00" level=info msg="db06155d4c7c491f837418a4a00b1b7e: status=pronto; desde_conclusao_ms=4387; consultas=3" source=console
time="2026-10-04T08:44:28-03:00" level=info msg="db06155d4c7c491f837418a4a00b1b7e: pronto; linhas=100000; lotes=100; bytes=51888914; envio_ms=18843; ingestao_ms=19380; fila_ms=1557; geracao_ms=1741; ate_get_pronto_ms=4387; ponta_a_ponta_ms=23767; consultas=3" source=console


  █ THRESHOLDS

    job_success
    ✓ 'rate==1' rate=100.00%

    test_errors
    ✓ 'count==0' count=0


  █ TOTAL RESULTS

    CUSTOM
    job_close_ms...................: avg=138ms    min=138ms    med=138ms    max=138ms    p(90)=138ms    p(95)=138ms
    job_create_ms..................: avg=399ms    min=399ms    med=399ms    max=399ms    p(90)=399ms    p(95)=399ms
    job_end_to_end_ms..............: avg=23.76s   min=23.76s   med=23.76s   max=23.76s   p(90)=23.76s   p(95)=23.76s
    job_generation_ms..............: avg=1.74s    min=1.74s    med=1.74s    max=1.74s    p(90)=1.74s    p(95)=1.74s
    job_ingest_ms..................: avg=19.38s   min=19.38s   med=19.38s   max=19.38s   p(90)=19.38s   p(95)=19.38s
    job_output_bytes...............: avg=51888914 min=51888914 med=51888914 max=51888914 p(90)=51888914 p(95)=51888914
    job_polling_ms.................: avg=4.38s    min=4.38s    med=4.38s    max=4.38s    p(90)=4.38s    p(95)=4.38s
    job_polls......................: avg=3        min=3        med=3        max=3        p(90)=3        p(95)=3
    job_queue_ms...................: avg=1.55s    min=1.55s    med=1.55s    max=1.55s    p(90)=1.55s    p(95)=1.55s
    job_send_ms....................: avg=18.84s   min=18.84s   med=18.84s   max=18.84s   p(90)=18.84s   p(95)=18.84s
    job_success....................: 100.00% 1 out of 1
    job_total_ms...................: avg=3.29s    min=3.29s    med=3.29s    max=3.29s    p(90)=3.29s    p(95)=3.29s
    test_errors....................: 0       0/s

    HTTP
    http_req_duration..............: avg=464.18ms min=126.59ms med=463.25ms max=1.12s    p(90)=582.51ms p(95)=596.47ms
      { expected_response:true }...: avg=464.18ms min=126.59ms med=463.25ms max=1.12s    p(90)=582.51ms p(95)=596.47ms
    http_req_failed................: 0.00%   0 out of 105
    http_reqs......................: 105     4.417765/s

    EXECUTION
    iteration_duration.............: avg=23.76s   min=23.76s   med=23.76s   max=23.76s   p(90)=23.76s   p(95)=23.76s
    iterations.....................: 1       0.042074/s
    vus............................: 1       min=1        max=1
    vus_max........................: 1       min=1        max=1

    NETWORK
    data_received..................: 155 kB  6.5 kB/s
    data_sent......................: 54 MB   2.3 MB/s




running (0h00m23.8s), 0/1 VUs, 1 complete and 0 interrupted iterations
files ✓ [ 100% ] 1 VUs  0h00m23.8s/1h30m0s  1/1 iters, 1 per VU
