
         /\      Grafana   /‾‾/
    /\  /  \     |\  __   /  /
   /  \/    \    | |/ /  /   ‾‾\
  /          \   |   (  |  (‾)  |
 / __________ \  |_|\_\  \_____/


     execution: local
        script: tests/worker-load.k6.js
        output: -

     scenarios: (100.00%) 1 scenario, 1 max VUs, 1h30m30s max duration (incl. graceful stop):
              * files: 1 iterations for each of 1 VUs (maxDuration: 1h30m0s, gracefulStop: 30s)


running (0h00m01.0s), 1/1 VUs, 0 complete and 0 interrupted iterations
files   [   0% ] 1 VUs  0h00m01.0s/1h30m0s  0/1 iters, 1 per VU

running (0h00m02.0s), 1/1 VUs, 0 complete and 0 interrupted iterations
files   [   0% ] 1 VUs  0h00m02.0s/1h30m0s  0/1 iters, 1 per VU

running (0h00m03.0s), 1/1 VUs, 0 complete and 0 interrupted iterations
files   [   0% ] 1 VUs  0h00m03.0s/1h30m0s  0/1 iters, 1 per VU
time="2026-10-04T08:13:29-03:00" level=info msg="8fd575f5156349a59436d567582f6537: status=na_fila; desde_conclusao_ms=1; consultas=1" source=console

running (0h00m04.0s), 1/1 VUs, 0 complete and 0 interrupted iterations
files   [   0% ] 1 VUs  0h00m04.0s/1h30m0s  0/1 iters, 1 per VU

running (0h00m05.0s), 1/1 VUs, 0 complete and 0 interrupted iterations
files   [   0% ] 1 VUs  0h00m05.0s/1h30m0s  0/1 iters, 1 per VU
time="2026-10-04T08:13:31-03:00" level=info msg="8fd575f5156349a59436d567582f6537: status=processando; desde_conclusao_ms=2008; consultas=2" source=console

running (0h00m06.0s), 1/1 VUs, 0 complete and 0 interrupted iterations
files   [   0% ] 1 VUs  0h00m06.0s/1h30m0s  0/1 iters, 1 per VU

running (0h00m07.0s), 1/1 VUs, 0 complete and 0 interrupted iterations
files   [   0% ] 1 VUs  0h00m07.0s/1h30m0s  0/1 iters, 1 per VU
time="2026-10-04T08:13:33-03:00" level=info msg="8fd575f5156349a59436d567582f6537: status=pronto; desde_conclusao_ms=4016; consultas=3" source=console
time="2026-10-04T08:13:33-03:00" level=info msg="8fd575f5156349a59436d567582f6537: pronto; linhas=100000; lotes=100; bytes=51888914; envio_ms=3946; ingestao_ms=3953; fila_ms=1347; geracao_ms=783; ate_get_pronto_ms=4016; ponta_a_ponta_ms=7969; consultas=3" source=console


  █ THRESHOLDS

    job_success
    ✓ 'rate==1' rate=100.00%

    test_errors
    ✓ 'count==0' count=0


  █ TOTAL RESULTS

    CUSTOM
    job_close_ms...................: avg=2ms      min=2ms      med=2ms      max=2ms      p(90)=2ms      p(95)=2ms
    job_create_ms..................: avg=5ms      min=5ms      med=5ms      max=5ms      p(90)=5ms      p(95)=5ms
    job_end_to_end_ms..............: avg=7.96s    min=7.96s    med=7.96s    max=7.96s    p(90)=7.96s    p(95)=7.96s
    job_generation_ms..............: avg=783ms    min=783ms    med=783ms    max=783ms    p(90)=783ms    p(95)=783ms
    job_ingest_ms..................: avg=3.95s    min=3.95s    med=3.95s    max=3.95s    p(90)=3.95s    p(95)=3.95s
    job_output_bytes...............: avg=51888914 min=51888914 med=51888914 max=51888914 p(90)=51888914 p(95)=51888914
    job_polling_ms.................: avg=4.01s    min=4.01s    med=4.01s    max=4.01s    p(90)=4.01s    p(95)=4.01s
    job_polls......................: avg=3        min=3        med=3        max=3        p(90)=3        p(95)=3
    job_queue_ms...................: avg=1.34s    min=1.34s    med=1.34s    max=1.34s    p(90)=1.34s    p(95)=1.34s
    job_send_ms....................: avg=3.94s    min=3.94s    med=3.94s    max=3.94s    p(90)=3.94s    p(95)=3.94s
    job_success....................: 100.00% 1 out of 1
    job_total_ms...................: avg=2.13s    min=2.13s    med=2.13s    max=2.13s    p(90)=2.13s    p(95)=2.13s
    test_errors....................: 0       0/s

    HTTP
    http_req_duration..............: avg=40.51ms  min=402µs    med=43.23ms  max=59.28ms  p(90)=53.13ms  p(95)=56.39ms
      { expected_response:true }...: avg=40.51ms  min=402µs    med=43.23ms  max=59.28ms  p(90)=53.13ms  p(95)=56.39ms
    http_req_failed................: 0.00%   0 out of 105
    http_reqs......................: 105     13.175065/s

    EXECUTION
    iteration_duration.............: avg=7.96s    min=7.96s    med=7.96s    max=7.96s    p(90)=7.96s    p(95)=7.96s
    iterations.....................: 1       0.125477/s
    vus............................: 1       min=1        max=1
    vus_max........................: 1       min=1        max=1

    NETWORK
    data_received..................: 41 kB   5.1 kB/s
    data_sent......................: 54 MB   6.8 MB/s




running (0h00m08.0s), 0/1 VUs, 1 complete and 0 interrupted iterations
files ✓ [ 100% ] 1 VUs  0h00m08.0s/1h30m0s  1/1 iters, 1 per VU
