
         /\      Grafana   /‾‾/
    /\  /  \     |\  __   /  /
   /  \/    \    | |/ /  /   ‾‾\
  /          \   |   (  |  (‾)  |
 / __________ \  |_|\_\  \_____/


     execution: local
        script: tests/worker-load.k6.js
        output: -

     scenarios: (100.00%) 1 scenario, 1 max VUs, 1h30m30s max duration (incl. graceful stop):
              * files: 1 iterations for each of 1 VUs (maxDuration: 1h30m0s, gracefulStop: 30s)


running (0h00m01.0s), 1/1 VUs, 0 complete and 0 interrupted iterations
files   [   0% ] 1 VUs  0h00m01.0s/1h30m0s  0/1 iters, 1 per VU

running (0h00m02.0s), 1/1 VUs, 0 complete and 0 interrupted iterations
files   [   0% ] 1 VUs  0h00m02.0s/1h30m0s  0/1 iters, 1 per VU

running (0h00m03.0s), 1/1 VUs, 0 complete and 0 interrupted iterations
files   [   0% ] 1 VUs  0h00m03.0s/1h30m0s  0/1 iters, 1 per VU

running (0h00m04.0s), 1/1 VUs, 0 complete and 0 interrupted iterations
files   [   0% ] 1 VUs  0h00m04.0s/1h30m0s  0/1 iters, 1 per VU
time="2026-10-04T08:14:23-03:00" level=info msg="3eee070ba11a4031b7a4039de10fe1dd: status=na_fila; desde_conclusao_ms=1; consultas=1" source=console

running (0h00m05.0s), 1/1 VUs, 0 complete and 0 interrupted iterations
files   [   0% ] 1 VUs  0h00m05.0s/1h30m0s  0/1 iters, 1 per VU

running (0h00m06.0s), 1/1 VUs, 0 complete and 0 interrupted iterations
files   [   0% ] 1 VUs  0h00m06.0s/1h30m0s  0/1 iters, 1 per VU
time="2026-10-04T08:14:25-03:00" level=info msg="3eee070ba11a4031b7a4039de10fe1dd: status=processando; desde_conclusao_ms=2002; consultas=2" source=console

running (0h00m07.0s), 1/1 VUs, 0 complete and 0 interrupted iterations
files   [   0% ] 1 VUs  0h00m07.0s/1h30m0s  0/1 iters, 1 per VU

running (0h00m08.0s), 1/1 VUs, 0 complete and 0 interrupted iterations
files   [   0% ] 1 VUs  0h00m08.0s/1h30m0s  0/1 iters, 1 per VU
time="2026-10-04T08:14:27-03:00" level=info msg="3eee070ba11a4031b7a4039de10fe1dd: status=pronto; desde_conclusao_ms=4007; consultas=3" source=console
time="2026-10-04T08:14:27-03:00" level=info msg="3eee070ba11a4031b7a4039de10fe1dd: pronto; linhas=100000; lotes=100; bytes=51888914; envio_ms=4532; ingestao_ms=4539; fila_ms=1564; geracao_ms=836; ate_get_pronto_ms=4007; ponta_a_ponta_ms=8546; consultas=3" source=console


  █ THRESHOLDS

    job_success
    ✓ 'rate==1' rate=100.00%

    test_errors
    ✓ 'count==0' count=0


  █ TOTAL RESULTS

    CUSTOM
    job_close_ms...................: avg=3ms      min=3ms      med=3ms      max=3ms      p(90)=3ms      p(95)=3ms
    job_create_ms..................: avg=4ms      min=4ms      med=4ms      max=4ms      p(90)=4ms      p(95)=4ms
    job_end_to_end_ms..............: avg=8.54s    min=8.54s    med=8.54s    max=8.54s    p(90)=8.54s    p(95)=8.54s
    job_generation_ms..............: avg=836ms    min=836ms    med=836ms    max=836ms    p(90)=836ms    p(95)=836ms
    job_ingest_ms..................: avg=4.53s    min=4.53s    med=4.53s    max=4.53s    p(90)=4.53s    p(95)=4.53s
    job_output_bytes...............: avg=51888914 min=51888914 med=51888914 max=51888914 p(90)=51888914 p(95)=51888914
    job_polling_ms.................: avg=4s       min=4s       med=4s       max=4s       p(90)=4s       p(95)=4s
    job_polls......................: avg=3        min=3        med=3        max=3        p(90)=3        p(95)=3
    job_queue_ms...................: avg=1.56s    min=1.56s    med=1.56s    max=1.56s    p(90)=1.56s    p(95)=1.56s
    job_send_ms....................: avg=4.53s    min=4.53s    med=4.53s    max=4.53s    p(90)=4.53s    p(95)=4.53s
    job_success....................: 100.00% 1 out of 1
    job_total_ms...................: avg=2.4s     min=2.4s     med=2.4s     max=2.4s     p(90)=2.4s     p(95)=2.4s
    test_errors....................: 0       0/s

    HTTP
    http_req_duration..............: avg=75.35ms  min=417µs    med=71.29ms  max=656.31ms p(90)=92.44ms  p(95)=93.95ms
      { expected_response:true }...: avg=75.35ms  min=417µs    med=71.29ms  max=656.31ms p(90)=92.44ms  p(95)=93.95ms
    http_req_failed................: 0.00%   0 out of 105
    http_reqs......................: 105     12.285166/s

    EXECUTION
    iteration_duration.............: avg=8.54s    min=8.54s    med=8.54s    max=8.54s    p(90)=8.54s    p(95)=8.54s
    iterations.....................: 1       0.117002/s
    vus............................: 1       min=1        max=1
    vus_max........................: 1       min=1        max=1

    NETWORK
    data_received..................: 41 kB   4.7 kB/s
    data_sent......................: 54 MB   6.4 MB/s




running (0h00m08.5s), 0/1 VUs, 1 complete and 0 interrupted iterations
files ✓ [ 100% ] 1 VUs  0h00m08.5s/1h30m0s  1/1 iters, 1 per VU
