
         /\      Grafana   /‾‾/
    /\  /  \     |\  __   /  /
   /  \/    \    | |/ /  /   ‾‾\
  /          \   |   (  |  (‾)  |
 / __________ \  |_|\_\  \_____/


     execution: local
        script: tests/worker-load.k6.js
        output: -

     scenarios: (100.00%) 1 scenario, 1 max VUs, 1h30m30s max duration (incl. graceful stop):
              * files: 1 iterations for each of 1 VUs (maxDuration: 1h30m0s, gracefulStop: 30s)


running (0h00m01.0s), 1/1 VUs, 0 complete and 0 interrupted iterations
files   [   0% ] 1 VUs  0h00m01.0s/1h30m0s  0/1 iters, 1 per VU

running (0h00m02.0s), 1/1 VUs, 0 complete and 0 interrupted iterations
files   [   0% ] 1 VUs  0h00m02.0s/1h30m0s  0/1 iters, 1 per VU

running (0h00m03.0s), 1/1 VUs, 0 complete and 0 interrupted iterations
files   [   0% ] 1 VUs  0h00m03.0s/1h30m0s  0/1 iters, 1 per VU
time="2026-10-04T08:12:32-03:00" level=info msg="c6ef389cd5d245d2a62cd1b0b15ad5e6: envio=50000/100000 linhas; lotes=500; tempo_ms=3129" source=console

running (0h00m04.0s), 1/1 VUs, 0 complete and 0 interrupted iterations
files   [   0% ] 1 VUs  0h00m04.0s/1h30m0s  0/1 iters, 1 per VU

running (0h00m05.0s), 1/1 VUs, 0 complete and 0 interrupted iterations
files   [   0% ] 1 VUs  0h00m05.0s/1h30m0s  0/1 iters, 1 per VU

running (0h00m06.0s), 1/1 VUs, 0 complete and 0 interrupted iterations
files   [   0% ] 1 VUs  0h00m06.0s/1h30m0s  0/1 iters, 1 per VU
time="2026-10-04T08:12:35-03:00" level=info msg="c6ef389cd5d245d2a62cd1b0b15ad5e6: envio=100000/100000 linhas; lotes=1000; tempo_ms=6055" source=console
time="2026-10-04T08:12:35-03:00" level=info msg="c6ef389cd5d245d2a62cd1b0b15ad5e6: status=na_fila; desde_conclusao_ms=1; consultas=1" source=console

running (0h00m07.0s), 1/1 VUs, 0 complete and 0 interrupted iterations
files   [   0% ] 1 VUs  0h00m07.0s/1h30m0s  0/1 iters, 1 per VU

running (0h00m08.0s), 1/1 VUs, 0 complete and 0 interrupted iterations
files   [   0% ] 1 VUs  0h00m08.0s/1h30m0s  0/1 iters, 1 per VU
time="2026-10-04T08:12:37-03:00" level=info msg="c6ef389cd5d245d2a62cd1b0b15ad5e6: status=processando; desde_conclusao_ms=2002; consultas=2" source=console

running (0h00m09.0s), 1/1 VUs, 0 complete and 0 interrupted iterations
files   [   0% ] 1 VUs  0h00m09.0s/1h30m0s  0/1 iters, 1 per VU

running (0h00m10.0s), 1/1 VUs, 0 complete and 0 interrupted iterations
files   [   0% ] 1 VUs  0h00m10.0s/1h30m0s  0/1 iters, 1 per VU
time="2026-10-04T08:12:39-03:00" level=info msg="c6ef389cd5d245d2a62cd1b0b15ad5e6: status=pronto; desde_conclusao_ms=4009; consultas=3" source=console
time="2026-10-04T08:12:39-03:00" level=info msg="c6ef389cd5d245d2a62cd1b0b15ad5e6: pronto; linhas=100000; lotes=1000; bytes=51888914; envio_ms=6055; ingestao_ms=6063; fila_ms=1508; geracao_ms=833; ate_get_pronto_ms=4010; ponta_a_ponta_ms=10073; consultas=3" source=console


  █ THRESHOLDS

    job_success
    ✓ 'rate==1' rate=100.00%

    test_errors
    ✓ 'count==0' count=0


  █ TOTAL RESULTS

    CUSTOM
    job_close_ms...................: avg=2ms      min=2ms      med=2ms      max=2ms      p(90)=2ms      p(95)=2ms
    job_create_ms..................: avg=6ms      min=6ms      med=6ms      max=6ms      p(90)=6ms      p(95)=6ms
    job_end_to_end_ms..............: avg=10.07s   min=10.07s   med=10.07s   max=10.07s   p(90)=10.07s   p(95)=10.07s
    job_generation_ms..............: avg=833ms    min=833ms    med=833ms    max=833ms    p(90)=833ms    p(95)=833ms
    job_ingest_ms..................: avg=6.06s    min=6.06s    med=6.06s    max=6.06s    p(90)=6.06s    p(95)=6.06s
    job_output_bytes...............: avg=51888914 min=51888914 med=51888914 max=51888914 p(90)=51888914 p(95)=51888914
    job_polling_ms.................: avg=4.01s    min=4.01s    med=4.01s    max=4.01s    p(90)=4.01s    p(95)=4.01s
    job_polls......................: avg=3        min=3        med=3        max=3        p(90)=3        p(95)=3
    job_queue_ms...................: avg=1.5s     min=1.5s     med=1.5s     max=1.5s     p(90)=1.5s     p(95)=1.5s
    job_send_ms....................: avg=6.05s    min=6.05s    med=6.05s    max=6.05s    p(90)=6.05s    p(95)=6.05s
    job_success....................: 100.00% 1 out of 1
    job_total_ms...................: avg=2.34s    min=2.34s    med=2.34s    max=2.34s    p(90)=2.34s    p(95)=2.34s
    test_errors....................: 0       0/s

    HTTP
    http_req_duration..............: avg=2.15ms   min=835µs    med=1.77ms   max=13.63ms  p(90)=3.44ms   p(95)=3.77ms
      { expected_response:true }...: avg=2.15ms   min=835µs    med=1.77ms   max=13.63ms  p(90)=3.44ms   p(95)=3.77ms
    http_req_failed................: 0.00%   0 out of 1005
    http_reqs......................: 1005    99.760179/s

    EXECUTION
    iteration_duration.............: avg=10.07s   min=10.07s   med=10.07s   max=10.07s   p(90)=10.07s   p(95)=10.07s
    iterations.....................: 1       0.099264/s
    vus............................: 1       min=1         max=1
    vus_max........................: 1       min=1         max=1

    NETWORK
    data_received..................: 377 kB  37 kB/s
    data_sent......................: 55 MB   5.4 MB/s




running (0h00m10.1s), 0/1 VUs, 1 complete and 0 interrupted iterations
files ✓ [ 100% ] 1 VUs  0h00m10.1s/1h30m0s  1/1 iters, 1 per VU
